metadata:
    rowType:
        fields:
            - name: i64
              type:
                code: INT64
            - name: s
              type:
                code: STRING
            - name: bl
              type:
                code: BOOL
    transaction:
        readTimestamp: "2026-06-28T15:55:36.515883Z"
    undeclaredParameters: {}
rows:
    - - "1"
      - hello
      - true
stats:
    queryPlan:
        planNodes:
            - childLinks:
                - childIndex: "1"
                - childIndex: "3"
                - childIndex: "4"
                - childIndex: "5"
              displayName: Serialize Result
              executionStats:
                cpu_time:
                    total: "0.01"
                    unit: msecs
                execution_summary:
                    execution_end_timestamp: "1782662136.516507"
                    execution_start_timestamp: "1782662136.516479"
                    num_executions: "1"
                latency:
                    total: "0.01"
                    unit: msecs
                rows:
                    total: "1"
                    unit: rows
              kind: RELATIONAL
              metadata:
                execution_method: Row
            - childLinks:
                - childIndex: "2"
              displayName: Unit Relation
              executionStats:
                cpu_time:
                    total: "0"
                    unit: msecs
                execution_summary:
                    num_executions: "1"
                latency:
                    total: "0"
                    unit: msecs
                rows:
                    total: "1"
                    unit: rows
              index: "1"
              kind: RELATIONAL
              metadata:
                execution_method: Row
            - displayName: Constant
              index: "2"
              kind: SCALAR
              shortRepresentation:
                description: "1"
            - displayName: Parameter
              index: "3"
              kind: SCALAR
              metadata:
                name: i64
                type: scalar
              shortRepresentation:
                description: '@i64'
            - displayName: Parameter
              index: "4"
              kind: SCALAR
              metadata:
                name: s
                type: scalar
              shortRepresentation:
                description: '@s'
            - displayName: Parameter
              index: "5"
              kind: SCALAR
              metadata:
                name: bl
                type: scalar
              shortRepresentation:
                description: '@bl'
    queryStats:
        bytes_returned: "17"
        cpu_time: 0.36 msecs
        deleted_rows_scanned: "0"
        elapsed_time: 0.43 msecs
        filesystem_delay_seconds: 0 msecs
        is_graph_query: "false"
        locking_delay: 0 msecs
        memory_peak_usage_bytes: "27"
        memory_usage_percentage: "0.000"
        optimizer_statistics_package: auto_20260627_06_11_04UTC
        optimizer_version: "8"
        query_plan_cached: "true"
        query_text: SELECT @i64 AS i64, @s AS s, @bl AS bl
        remote_server_calls: 0/0
        rows_returned: "1"
        rows_scanned: "0"
        runtime_cached: "true"
        server_queue_delay: 0.01 msecs
        statistics_load_time: "0"
        time_to_first_row: 0.39 msecs
        total_memory_peak_usage_byte: "27"
